Message[302] LIBRERIAS\TECLADO.INC 102 : Register in operand not in bank 0.  Ensure that bank bits are correct.
Message[306] D:\DROPBOX\GALERAS DIGITAL\RELOJ MA 32-2\ELECTRONICA RELOJMA\RELOJMA.ASM 96 : Crossing page boundary -- ensure page bits are set.
Message[302] D:\DROPBOX\GALERAS DIGITAL\RELOJ MA 32-2\ELECTRONICA RELOJMA\RELOJMA.ASM 104 : Register in operand not in bank 0.  Ensure that bank bits are correct.
Message[302] D:\DROPBOX\GALERAS DIGITAL\RELOJ MA 32-2\ELECTRONICA RELOJMA\RELOJMA.ASM 105 : Register in operand not in bank 0.  Ensure that bank bits are correct.
Message[302] D:\DROPBOX\GALERAS DIGITAL\RELOJ MA 32-2\ELECTRONICA RELOJMA\RELOJMA.ASM 106 : Register in operand not in bank 0.  Ensure that bank bits are correct.
Message[302] D:\DROPBOX\GALERAS DIGITAL\RELOJ MA 32-2\ELECTRONICA RELOJMA\RELOJMA.ASM 107 : Register in operand not in bank 0.  Ensure that bank bits are correct.
Message[302] D:\DROPBOX\GALERAS DIGITAL\RELOJ MA 32-2\ELECTRONICA RELOJMA\RELOJMA.ASM 108 : Register in operand not in bank 0.  Ensure that bank bits are correct.
Message[302] D:\DROPBOX\GALERAS DIGITAL\RELOJ MA 32-2\ELECTRONICA RELOJMA\RELOJMA.ASM 109 : Register in operand not in bank 0.  Ensure that bank bits are correct.
Message[306] D:\DROPBOX\GALERAS DIGITAL\RELOJ MA 32-2\ELECTRONICA RELOJMA\RELOJMA.ASM 134 : Crossing page boundary -- ensure page bits are set.
Message[306] D:\DROPBOX\GALERAS DIGITAL\RELOJ MA 32-2\ELECTRONICA RELOJMA\RELOJMA.ASM 337 : Crossing page boundary -- ensure page bits are set.
Message[306] D:\DROPBOX\GALERAS DIGITAL\RELOJ MA 32-2\ELECTRONICA RELOJMA\RELOJMA.ASM 344 : Crossing page boundary -- ensure page bits are set.
Message[306] D:\DROPBOX\GALERAS DIGITAL\RELOJ MA 32-2\ELECTRONICA RELOJMA\RELOJMA.ASM 353 : Crossing page boundary -- ensure page bits are set.
Message[306] D:\DROPBOX\GALERAS DIGITAL\RELOJ MA 32-2\ELECTRONICA RELOJMA\RELOJMA.ASM 362 : Crossing page boundary -- ensure page bits are set.
Message[302] D:\DROPBOX\GALERAS DIGITAL\RELOJ MA 32-2\ELECTRONICA RELOJMA\RELOJMA.ASM 372 : Register in operand not in bank 0.  Ensure that bank bits are correct.
Message[306] D:\DROPBOX\GALERAS DIGITAL\RELOJ MA 32-2\ELECTRONICA RELOJMA\RELOJMA.ASM 801 : Crossing page boundary -- ensure page bits are set.
Message[306] D:\DROPBOX\GALERAS DIGITAL\RELOJ MA 32-2\ELECTRONICA RELOJMA\RELOJMA.ASM 1750 : Crossing page boundary -- ensure page bits are set.
Message[306] LIBRERIAS\LCD_4BITOPD877.INC 393 : Crossing page boundary -- ensure page bits are set.
Message[302] LIBRERIAS\EEPROM.INC 11 : Register in operand not in bank 0.  Ensure that bank bits are correct.
Message[302] LIBRERIAS\EEPROM.INC 19 : Register in operand not in bank 0.  Ensure that bank bits are correct.
Message[302] LIBRERIAS\EEPROM.INC 20 : Register in operand not in bank 0.  Ensure that bank bits are correct.
Message[302] LIBRERIAS\EEPROM.INC 22 : Register in operand not in bank 0.  Ensure that bank bits are correct.
Message[302] LIBRERIAS\EEPROM.INC 26 : Register in operand not in bank 0.  Ensure that bank bits are correct.
Message[302] LIBRERIAS\EEPROM.INC 33 : Register in operand not in bank 0.  Ensure that bank bits are correct.
Message[302] LIBRERIAS\EEPROM.INC 41 : Register in operand not in bank 0.  Ensure that bank bits are correct.
Message[302] LIBRERIAS\EEPROM.INC 42 : Register in operand not in bank 0.  Ensure that bank bits are correct.
Message[302] LIBRERIAS\EEPROM.INC 45 : Register in operand not in bank 0.  Ensure that bank bits are correct.
Message[302] LIBRERIAS\EEPROM.INC 47 : Register in operand not in bank 0.  Ensure that bank bits are correct.
Message[302] LIBRERIAS\EEPROM.INC 48 : Register in operand not in bank 0.  Ensure that bank bits are correct.
Message[302] LIBRERIAS\EEPROM.INC 51 : Register in operand not in bank 0.  Ensure that bank bits are correct.
Message[302] LIBRERIAS\EEPROM.INC 53 : Register in operand not in bank 0.  Ensure that bank bits are correct.
Message[302] LIBRERIAS\EEPROM.INC 54 : Register in operand not in bank 0.  Ensure that bank bits are correct.
Message[306] D:\DROPBOX\GALERAS DIGITAL\RELOJ MA 32-2\ELECTRONICA RELOJMA\RELOJMA.ASM 1874 : Crossing page boundary -- ensure page bits are set.
Message[306] D:\DROPBOX\GALERAS DIGITAL\RELOJ MA 32-2\ELECTRONICA RELOJMA\RELOJMA.ASM 1876 : Crossing page boundary -- ensure page bits are set.
Message[306] D:\DROPBOX\GALERAS DIGITAL\RELOJ MA 32-2\ELECTRONICA RELOJMA\RELOJMA.ASM 1878 : Crossing page boundary -- ensure page bits are set.
Message[306] D:\DROPBOX\GALERAS DIGITAL\RELOJ MA 32-2\ELECTRONICA RELOJMA\RELOJMA.ASM 1880 : Crossing page boundary -- ensure page bits are set.
Message[306] D:\DROPBOX\GALERAS DIGITAL\RELOJ MA 32-2\ELECTRONICA RELOJMA\RELOJMA.ASM 1882 : Crossing page boundary -- ensure page bits are set.
Message[306] D:\DROPBOX\GALERAS DIGITAL\RELOJ MA 32-2\ELECTRONICA RELOJMA\RELOJMA.ASM 1884 : Crossing page boundary -- ensure page bits are set.
Message[306] D:\DROPBOX\GALERAS DIGITAL\RELOJ MA 32-2\ELECTRONICA RELOJMA\RELOJMA.ASM 1886 : Crossing page boundary -- ensure page bits are set.
Message[306] D:\DROPBOX\GALERAS DIGITAL\RELOJ MA 32-2\ELECTRONICA RELOJMA\RELOJMA.ASM 1887 : Crossing page boundary -- ensure page bits are set.
Message[306] D:\DROPBOX\GALERAS DIGITAL\RELOJ MA 32-2\ELECTRONICA RELOJMA\RELOJMA.ASM 1891 : Crossing page boundary -- ensure page bits are set.
Message[306] D:\DROPBOX\GALERAS DIGITAL\RELOJ MA 32-2\ELECTRONICA RELOJMA\RELOJMA.ASM 1892 : Crossing page boundary -- ensure page bits are set.
Message[306] D:\DROPBOX\GALERAS DIGITAL\RELOJ MA 32-2\ELECTRONICA RELOJMA\RELOJMA.ASM 1897 : Crossing page boundary -- ensure page bits are set.
Message[306] D:\DROPBOX\GALERAS DIGITAL\RELOJ MA 32-2\ELECTRONICA RELOJMA\RELOJMA.ASM 1898 : Crossing page boundary -- ensure page bits are set.
Message[306] D:\DROPBOX\GALERAS DIGITAL\RELOJ MA 32-2\ELECTRONICA RELOJMA\RELOJMA.ASM 1900 : Crossing page boundary -- ensure page bits are set.
Message[306] D:\DROPBOX\GALERAS DIGITAL\RELOJ MA 32-2\ELECTRONICA RELOJMA\RELOJMA.ASM 1902 : Crossing page boundary -- ensure page bits are set.
Message[306] D:\DROPBOX\GALERAS DIGITAL\RELOJ MA 32-2\ELECTRONICA RELOJMA\RELOJMA.ASM 1903 : Crossing page boundary -- ensure page bits are set.
Message[306] D:\DROPBOX\GALERAS DIGITAL\RELOJ MA 32-2\ELECTRONICA RELOJMA\RELOJMA.ASM 1905 : Crossing page boundary -- ensure page bits are set.
Message[306] D:\DROPBOX\GALERAS DIGITAL\RELOJ MA 32-2\ELECTRONICA RELOJMA\RELOJMA.ASM 1935 : Crossing page boundary -- ensure page bits are set.
Message[306] D:\DROPBOX\GALERAS DIGITAL\RELOJ MA 32-2\ELECTRONICA RELOJMA\RELOJMA.ASM 1937 : Crossing page boundary -- ensure page bits are set.
Message[306] D:\DROPBOX\GALERAS DIGITAL\RELOJ MA 32-2\ELECTRONICA RELOJMA\RELOJMA.ASM 1945 : Crossing page boundary -- ensure page bits are set.
Message[306] D:\DROPBOX\GALERAS DIGITAL\RELOJ MA 32-2\ELECTRONICA RELOJMA\RELOJMA.ASM 1947 : Crossing page boundary -- ensure page bits are set.
Message[306] D:\DROPBOX\GALERAS DIGITAL\RELOJ MA 32-2\ELECTRONICA RELOJMA\RELOJMA.ASM 1949 : Crossing page boundary -- ensure page bits are set.
Message[306] D:\DROPBOX\GALERAS DIGITAL\RELOJ MA 32-2\ELECTRONICA RELOJMA\RELOJMA.ASM 1950 : Crossing page boundary -- ensure page bits are set.
Message[306] D:\DROPBOX\GALERAS DIGITAL\RELOJ MA 32-2\ELECTRONICA RELOJMA\RELOJMA.ASM 1951 : Crossing page boundary -- ensure page bits are set.
Message[306] D:\DROPBOX\GALERAS DIGITAL\RELOJ MA 32-2\ELECTRONICA RELOJMA\RELOJMA.ASM 1954 : Crossing page boundary -- ensure page bits are set.
Message[306] D:\DROPBOX\GALERAS DIGITAL\RELOJ MA 32-2\ELECTRONICA RELOJMA\RELOJMA.ASM 1958 : Crossing page boundary -- ensure page bits are set.
Message[306] D:\DROPBOX\GALERAS DIGITAL\RELOJ MA 32-2\ELECTRONICA RELOJMA\RELOJMA.ASM 1960 : Crossing page boundary -- ensure page bits are set.
Message[306] D:\DROPBOX\GALERAS DIGITAL\RELOJ MA 32-2\ELECTRONICA RELOJMA\RELOJMA.ASM 1963 : Crossing page boundary -- ensure page bits are set.
Message[306] D:\DROPBOX\GALERAS DIGITAL\RELOJ MA 32-2\ELECTRONICA RELOJMA\RELOJMA.ASM 1966 : Crossing page boundary -- ensure page bits are set.
Message[306] D:\DROPBOX\GALERAS DIGITAL\RELOJ MA 32-2\ELECTRONICA RELOJMA\RELOJMA.ASM 1970 : Crossing page boundary -- ensure page bits are set.
Message[306] D:\DROPBOX\GALERAS DIGITAL\RELOJ MA 32-2\ELECTRONICA RELOJMA\RELOJMA.ASM 1972 : Crossing page boundary -- ensure page bits are set.
Message[306] D:\DROPBOX\GALERAS DIGITAL\RELOJ MA 32-2\ELECTRONICA RELOJMA\RELOJMA.ASM 1975 : Crossing page boundary -- ensure page bits are set.
Message[306] D:\DROPBOX\GALERAS DIGITAL\RELOJ MA 32-2\ELECTRONICA RELOJMA\RELOJMA.ASM 1978 : Crossing page boundary -- ensure page bits are set.
Message[306] D:\DROPBOX\GALERAS DIGITAL\RELOJ MA 32-2\ELECTRONICA RELOJMA\RELOJMA.ASM 1980 : Crossing page boundary -- ensure page bits are set.
Message[306] D:\DROPBOX\GALERAS DIGITAL\RELOJ MA 32-2\ELECTRONICA RELOJMA\RELOJMA.ASM 1982 : Crossing page boundary -- ensure page bits are set.
Message[306] D:\DROPBOX\GALERAS DIGITAL\RELOJ MA 32-2\ELECTRONICA RELOJMA\RELOJMA.ASM 1984 : Crossing page boundary -- ensure page bits are set.
Message[306] D:\DROPBOX\GALERAS DIGITAL\RELOJ MA 32-2\ELECTRONICA RELOJMA\RELOJMA.ASM 1985 : Crossing page boundary -- ensure page bits are set.
Message[306] D:\DROPBOX\GALERAS DIGITAL\RELOJ MA 32-2\ELECTRONICA RELOJMA\RELOJMA.ASM 1986 : Crossing page boundary -- ensure page bits are set.
Message[306] D:\DROPBOX\GALERAS DIGITAL\RELOJ MA 32-2\ELECTRONICA RELOJMA\RELOJMA.ASM 1989 : Crossing page boundary -- ensure page bits are set.
Message[306] D:\DROPBOX\GALERAS DIGITAL\RELOJ MA 32-2\ELECTRONICA RELOJMA\RELOJMA.ASM 1993 : Crossing page boundary -- ensure page bits are set.
Message[306] D:\DROPBOX\GALERAS DIGITAL\RELOJ MA 32-2\ELECTRONICA RELOJMA\RELOJMA.ASM 1995 : Crossing page boundary -- ensure page bits are set.
Message[306] D:\DROPBOX\GALERAS DIGITAL\RELOJ MA 32-2\ELECTRONICA RELOJMA\RELOJMA.ASM 1998 : Crossing page boundary -- ensure page bits are set.
Message[306] D:\DROPBOX\GALERAS DIGITAL\RELOJ MA 32-2\ELECTRONICA RELOJMA\RELOJMA.ASM 2001 : Crossing page boundary -- ensure page bits are set.
Message[306] D:\DROPBOX\GALERAS DIGITAL\RELOJ MA 32-2\ELECTRONICA RELOJMA\RELOJMA.ASM 2005 : Crossing page boundary -- ensure page bits are set.
Message[306] D:\DROPBOX\GALERAS DIGITAL\RELOJ MA 32-2\ELECTRONICA RELOJMA\RELOJMA.ASM 2007 : Crossing page boundary -- ensure page bits are set.
Message[306] D:\DROPBOX\GALERAS DIGITAL\RELOJ MA 32-2\ELECTRONICA RELOJMA\RELOJMA.ASM 2010 : Crossing page boundary -- ensure page bits are set.
Message[306] D:\DROPBOX\GALERAS DIGITAL\RELOJ MA 32-2\ELECTRONICA RELOJMA\RELOJMA.ASM 2025 : Crossing page boundary -- ensure page bits are set.
Message[306] D:\DROPBOX\GALERAS DIGITAL\RELOJ MA 32-2\ELECTRONICA RELOJMA\RELOJMA.ASM 2027 : Crossing page boundary -- ensure page bits are set.
Message[306] D:\DROPBOX\GALERAS DIGITAL\RELOJ MA 32-2\ELECTRONICA RELOJMA\RELOJMA.ASM 2029 : Crossing page boundary -- ensure page bits are set.
Message[306] D:\DROPBOX\GALERAS DIGITAL\RELOJ MA 32-2\ELECTRONICA RELOJMA\RELOJMA.ASM 2031 : Crossing page boundary -- ensure page bits are set.
Message[306] D:\DROPBOX\GALERAS DIGITAL\RELOJ MA 32-2\ELECTRONICA RELOJMA\RELOJMA.ASM 2033 : Crossing page boundary -- ensure page bits are set.
Message[306] D:\DROPBOX\GALERAS DIGITAL\RELOJ MA 32-2\ELECTRONICA RELOJMA\RELOJMA.ASM 2035 : Crossing page boundary -- ensure page bits are set.
Message[306] D:\DROPBOX\GALERAS DIGITAL\RELOJ MA 32-2\ELECTRONICA RELOJMA\RELOJMA.ASM 2037 : Crossing page boundary -- ensure page bits are set.
Message[306] D:\DROPBOX\GALERAS DIGITAL\RELOJ MA 32-2\ELECTRONICA RELOJMA\RELOJMA.ASM 2038 : Crossing page boundary -- ensure page bits are set.
Message[306] D:\DROPBOX\GALERAS DIGITAL\RELOJ MA 32-2\ELECTRONICA RELOJMA\RELOJMA.ASM 2040 : Crossing page boundary -- ensure page bits are set.
Message[306] D:\DROPBOX\GALERAS DIGITAL\RELOJ MA 32-2\ELECTRONICA RELOJMA\RELOJMA.ASM 2042 : Crossing page boundary -- ensure page bits are set.
Message[306] D:\DROPBOX\GALERAS DIGITAL\RELOJ MA 32-2\ELECTRONICA RELOJMA\RELOJMA.ASM 2044 : Crossing page boundary -- ensure page bits are set.
Message[306] D:\DROPBOX\GALERAS DIGITAL\RELOJ MA 32-2\ELECTRONICA RELOJMA\RELOJMA.ASM 2046 : Crossing page boundary -- ensure page bits are set.
Message[306] D:\DROPBOX\GALERAS DIGITAL\RELOJ MA 32-2\ELECTRONICA RELOJMA\RELOJMA.ASM 2048 : Crossing page boundary -- ensure page bits are set.
Message[306] D:\DROPBOX\GALERAS DIGITAL\RELOJ MA 32-2\ELECTRONICA RELOJMA\RELOJMA.ASM 2050 : Crossing page boundary -- ensure page bits are set.
Message[306] D:\DROPBOX\GALERAS DIGITAL\RELOJ MA 32-2\ELECTRONICA RELOJMA\RELOJMA.ASM 2052 : Crossing page boundary -- ensure page bits are set.
Message[306] D:\DROPBOX\GALERAS DIGITAL\RELOJ MA 32-2\ELECTRONICA RELOJMA\RELOJMA.ASM 2054 : Crossing page boundary -- ensure page bits are set.
Message[306] D:\DROPBOX\GALERAS DIGITAL\RELOJ MA 32-2\ELECTRONICA RELOJMA\RELOJMA.ASM 2056 : Crossing page boundary -- ensure page bits are set.
Message[306] D:\DROPBOX\GALERAS DIGITAL\RELOJ MA 32-2\ELECTRONICA RELOJMA\RELOJMA.ASM 2057 : Crossing page boundary -- ensure page bits are set.
Message[306] D:\DROPBOX\GALERAS DIGITAL\RELOJ MA 32-2\ELECTRONICA RELOJMA\RELOJMA.ASM 2063 : Crossing page boundary -- ensure page bits are set.
Message[306] D:\DROPBOX\GALERAS DIGITAL\RELOJ MA 32-2\ELECTRONICA RELOJMA\RELOJMA.ASM 2064 : Crossing page boundary -- ensure page bits are set.
Message[306] D:\DROPBOX\GALERAS DIGITAL\RELOJ MA 32-2\ELECTRONICA RELOJMA\RELOJMA.ASM 2066 : Crossing page boundary -- ensure page bits are set.
Message[306] D:\DROPBOX\GALERAS DIGITAL\RELOJ MA 32-2\ELECTRONICA RELOJMA\RELOJMA.ASM 2068 : Crossing page boundary -- ensure page bits are set.
Message[306] D:\DROPBOX\GALERAS DIGITAL\RELOJ MA 32-2\ELECTRONICA RELOJMA\RELOJMA.ASM 2070 : Crossing page boundary -- ensure page bits are set.
Message[306] D:\DROPBOX\GALERAS DIGITAL\RELOJ MA 32-2\ELECTRONICA RELOJMA\RELOJMA.ASM 2072 : Crossing page boundary -- ensure page bits are set.
Message[306] D:\DROPBOX\GALERAS DIGITAL\RELOJ MA 32-2\ELECTRONICA RELOJMA\RELOJMA.ASM 2074 : Crossing page boundary -- ensure page bits are set.
Message[306] D:\DROPBOX\GALERAS DIGITAL\RELOJ MA 32-2\ELECTRONICA RELOJMA\RELOJMA.ASM 2076 : Crossing page boundary -- ensure page bits are set.
Message[306] D:\DROPBOX\GALERAS DIGITAL\RELOJ MA 32-2\ELECTRONICA RELOJMA\RELOJMA.ASM 2077 : Crossing page boundary -- ensure page bits are set.
Message[306] D:\DROPBOX\GALERAS DIGITAL\RELOJ MA 32-2\ELECTRONICA RELOJMA\RELOJMA.ASM 2085 : Crossing page boundary -- ensure page bits are set.
Message[306] D:\DROPBOX\GALERAS DIGITAL\RELOJ MA 32-2\ELECTRONICA RELOJMA\RELOJMA.ASM 2086 : Crossing page boundary -- ensure page bits are set.
Message[306] D:\DROPBOX\GALERAS DIGITAL\RELOJ MA 32-2\ELECTRONICA RELOJMA\RELOJMA.ASM 2089 : Crossing page boundary -- ensure page bits are set.
Message[306] D:\DROPBOX\GALERAS DIGITAL\RELOJ MA 32-2\ELECTRONICA RELOJMA\RELOJMA.ASM 2090 : Crossing page boundary -- ensure page bits are set.
Message[306] D:\DROPBOX\GALERAS DIGITAL\RELOJ MA 32-2\ELECTRONICA RELOJMA\RELOJMA.ASM 2093 : Crossing page boundary -- ensure page bits are set.
Message[306] D:\DROPBOX\GALERAS DIGITAL\RELOJ MA 32-2\ELECTRONICA RELOJMA\RELOJMA.ASM 2094 : Crossing page boundary -- ensure page bits are set.
Message[306] D:\DROPBOX\GALERAS DIGITAL\RELOJ MA 32-2\ELECTRONICA RELOJMA\RELOJMA.ASM 2098 : Crossing page boundary -- ensure page bits are set.
Message[306] D:\DROPBOX\GALERAS DIGITAL\RELOJ MA 32-2\ELECTRONICA RELOJMA\RELOJMA.ASM 2100 : Crossing page boundary -- ensure page bits are set.
Message[306] D:\DROPBOX\GALERAS DIGITAL\RELOJ MA 32-2\ELECTRONICA RELOJMA\RELOJMA.ASM 2102 : Crossing page boundary -- ensure page bits are set.
Message[306] D:\DROPBOX\GALERAS DIGITAL\RELOJ MA 32-2\ELECTRONICA RELOJMA\RELOJMA.ASM 2104 : Crossing page boundary -- ensure page bits are set.
Message[306] D:\DROPBOX\GALERAS DIGITAL\RELOJ MA 32-2\ELECTRONICA RELOJMA\RELOJMA.ASM 2105 : Crossing page boundary -- ensure page bits are set.
Message[306] D:\DROPBOX\GALERAS DIGITAL\RELOJ MA 32-2\ELECTRONICA RELOJMA\RELOJMA.ASM 2110 : Crossing page boundary -- ensure page bits are set.
Message[306] D:\DROPBOX\GALERAS DIGITAL\RELOJ MA 32-2\ELECTRONICA RELOJMA\RELOJMA.ASM 2117 : Crossing page boundary -- ensure page bits are set.
Message[306] D:\DROPBOX\GALERAS DIGITAL\RELOJ MA 32-2\ELECTRONICA RELOJMA\RELOJMA.ASM 2119 : Crossing page boundary -- ensure page bits are set.
Message[306] D:\DROPBOX\GALERAS DIGITAL\RELOJ MA 32-2\ELECTRONICA RELOJMA\RELOJMA.ASM 2121 : Crossing page boundary -- ensure page bits are set.
Message[306] D:\DROPBOX\GALERAS DIGITAL\RELOJ MA 32-2\ELECTRONICA RELOJMA\RELOJMA.ASM 2123 : Crossing page boundary -- ensure page bits are set.
Message[306] D:\DROPBOX\GALERAS DIGITAL\RELOJ MA 32-2\ELECTRONICA RELOJMA\RELOJMA.ASM 2145 : Crossing page boundary -- ensure page bits are set.
Message[306] D:\DROPBOX\GALERAS DIGITAL\RELOJ MA 32-2\ELECTRONICA RELOJMA\RELOJMA.ASM 2147 : Crossing page boundary -- ensure page bits are set.
Message[306] D:\DROPBOX\GALERAS DIGITAL\RELOJ MA 32-2\ELECTRONICA RELOJMA\RELOJMA.ASM 2149 : Crossing page boundary -- ensure page bits are set.
Message[306] D:\DROPBOX\GALERAS DIGITAL\RELOJ MA 32-2\ELECTRONICA RELOJMA\RELOJMA.ASM 2151 : Crossing page boundary -- ensure page bits are set.
Message[306] D:\DROPBOX\GALERAS DIGITAL\RELOJ MA 32-2\ELECTRONICA RELOJMA\RELOJMA.ASM 2156 : Crossing page boundary -- ensure page bits are set.
Message[306] D:\DROPBOX\GALERAS DIGITAL\RELOJ MA 32-2\ELECTRONICA RELOJMA\RELOJMA.ASM 2163 : Crossing page boundary -- ensure page bits are set.
Message[306] D:\DROPBOX\GALERAS DIGITAL\RELOJ MA 32-2\ELECTRONICA RELOJMA\RELOJMA.ASM 2165 : Crossing page boundary -- ensure page bits are set.
Message[306] D:\DROPBOX\GALERAS DIGITAL\RELOJ MA 32-2\ELECTRONICA RELOJMA\RELOJMA.ASM 2167 : Crossing page boundary -- ensure page bits are set.
Message[306] D:\DROPBOX\GALERAS DIGITAL\RELOJ MA 32-2\ELECTRONICA RELOJMA\RELOJMA.ASM 2169 : Crossing page boundary -- ensure page bits are set.
Message[306] D:\DROPBOX\GALERAS DIGITAL\RELOJ MA 32-2\ELECTRONICA RELOJMA\RELOJMA.ASM 2192 : Crossing page boundary -- ensure page bits are set.
Message[306] D:\DROPBOX\GALERAS DIGITAL\RELOJ MA 32-2\ELECTRONICA RELOJMA\RELOJMA.ASM 2195 : Crossing page boundary -- ensure page bits are set.
Message[306] D:\DROPBOX\GALERAS DIGITAL\RELOJ MA 32-2\ELECTRONICA RELOJMA\RELOJMA.ASM 2198 : Crossing page boundary -- ensure page bits are set.
Message[306] D:\DROPBOX\GALERAS DIGITAL\RELOJ MA 32-2\ELECTRONICA RELOJMA\RELOJMA.ASM 2201 : Crossing page boundary -- ensure page bits are set.
Message[306] D:\DROPBOX\GALERAS DIGITAL\RELOJ MA 32-2\ELECTRONICA RELOJMA\RELOJMA.ASM 2213 : Crossing page boundary -- ensure page bits are set.
Message[306] D:\DROPBOX\GALERAS DIGITAL\RELOJ MA 32-2\ELECTRONICA RELOJMA\RELOJMA.ASM 2216 : Crossing page boundary -- ensure page bits are set.
Message[306] D:\DROPBOX\GALERAS DIGITAL\RELOJ MA 32-2\ELECTRONICA RELOJMA\RELOJMA.ASM 2218 : Crossing page boundary -- ensure page bits are set.
Message[306] D:\DROPBOX\GALERAS DIGITAL\RELOJ MA 32-2\ELECTRONICA RELOJMA\RELOJMA.ASM 2223 : Crossing page boundary -- ensure page bits are set.
Message[306] D:\DROPBOX\GALERAS DIGITAL\RELOJ MA 32-2\ELECTRONICA RELOJMA\RELOJMA.ASM 2224 : Crossing page boundary -- ensure page bits are set.
Message[306] D:\DROPBOX\GALERAS DIGITAL\RELOJ MA 32-2\ELECTRONICA RELOJMA\RELOJMA.ASM 2227 : Crossing page boundary -- ensure page bits are set.
Message[306] D:\DROPBOX\GALERAS DIGITAL\RELOJ MA 32-2\ELECTRONICA RELOJMA\RELOJMA.ASM 2230 : Crossing page boundary -- ensure page bits are set.
Message[306] D:\DROPBOX\GALERAS DIGITAL\RELOJ MA 32-2\ELECTRONICA RELOJMA\RELOJMA.ASM 2233 : Crossing page boundary -- ensure page bits are set.
Message[306] D:\DROPBOX\GALERAS DIGITAL\RELOJ MA 32-2\ELECTRONICA RELOJMA\RELOJMA.ASM 2279 : Crossing page boundary -- ensure page bits are set.
Message[306] D:\DROPBOX\GALERAS DIGITAL\RELOJ MA 32-2\ELECTRONICA RELOJMA\RELOJMA.ASM 2280 : Crossing page boundary -- ensure page bits are set.
Message[306] D:\DROPBOX\GALERAS DIGITAL\RELOJ MA 32-2\ELECTRONICA RELOJMA\RELOJMA.ASM 2282 : Crossing page boundary -- ensure page bits are set.
Message[306] D:\DROPBOX\GALERAS DIGITAL\RELOJ MA 32-2\ELECTRONICA RELOJMA\RELOJMA.ASM 2284 : Crossing page boundary -- ensure page bits are set.
Message[306] D:\DROPBOX\GALERAS DIGITAL\RELOJ MA 32-2\ELECTRONICA RELOJMA\RELOJMA.ASM 2289 : Crossing page boundary -- ensure page bits are set.
Message[306] D:\DROPBOX\GALERAS DIGITAL\RELOJ MA 32-2\ELECTRONICA RELOJMA\RELOJMA.ASM 2292 : Crossing page boundary -- ensure page bits are set.
Message[306] D:\DROPBOX\GALERAS DIGITAL\RELOJ MA 32-2\ELECTRONICA RELOJMA\RELOJMA.ASM 2295 : Crossing page boundary -- ensure page bits are set.
Message[306] D:\DROPBOX\GALERAS DIGITAL\RELOJ MA 32-2\ELECTRONICA RELOJMA\RELOJMA.ASM 2297 : Crossing page boundary -- ensure page bits are set.
Message[306] D:\DROPBOX\GALERAS DIGITAL\RELOJ MA 32-2\ELECTRONICA RELOJMA\RELOJMA.ASM 2319 : Crossing page boundary -- ensure page bits are set.
Message[306] D:\DROPBOX\GALERAS DIGITAL\RELOJ MA 32-2\ELECTRONICA RELOJMA\RELOJMA.ASM 2322 : Crossing page boundary -- ensure page bits are set.
Message[306] D:\DROPBOX\GALERAS DIGITAL\RELOJ MA 32-2\ELECTRONICA RELOJMA\RELOJMA.ASM 2324 : Crossing page boundary -- ensure page bits are set.
Message[306] D:\DROPBOX\GALERAS DIGITAL\RELOJ MA 32-2\ELECTRONICA RELOJMA\RELOJMA.ASM 2383 : Crossing page boundary -- ensure page bits are set.
Message[306] D:\DROPBOX\GALERAS DIGITAL\RELOJ MA 32-2\ELECTRONICA RELOJMA\RELOJMA.ASM 2385 : Crossing page boundary -- ensure page bits are set.
Message[306] D:\DROPBOX\GALERAS DIGITAL\RELOJ MA 32-2\ELECTRONICA RELOJMA\RELOJMA.ASM 2416 : Crossing page boundary -- ensure page bits are set.
Message[306] D:\DROPBOX\GALERAS DIGITAL\RELOJ MA 32-2\ELECTRONICA RELOJMA\RELOJMA.ASM 2418 : Crossing page boundary -- ensure page bits are set.
Message[306] D:\DROPBOX\GALERAS DIGITAL\RELOJ MA 32-2\ELECTRONICA RELOJMA\RELOJMA.ASM 2454 : Crossing page boundary -- ensure page bits are set.
Message[306] D:\DROPBOX\GALERAS DIGITAL\RELOJ MA 32-2\ELECTRONICA RELOJMA\RELOJMA.ASM 2456 : Crossing page boundary -- ensure page bits are set.
Message[306] D:\DROPBOX\GALERAS DIGITAL\RELOJ MA 32-2\ELECTRONICA RELOJMA\RELOJMA.ASM 2463 : Crossing page boundary -- ensure page bits are set.
Message[306] D:\DROPBOX\GALERAS DIGITAL\RELOJ MA 32-2\ELECTRONICA RELOJMA\RELOJMA.ASM 2465 : Crossing page boundary -- ensure page bits are set.
Message[306] D:\DROPBOX\GALERAS DIGITAL\RELOJ MA 32-2\ELECTRONICA RELOJMA\RELOJMA.ASM 2577 : Crossing page boundary -- ensure page bits are set.
Message[306] D:\DROPBOX\GALERAS DIGITAL\RELOJ MA 32-2\ELECTRONICA RELOJMA\RELOJMA.ASM 2579 : Crossing page boundary -- ensure page bits are set.
Message[306] D:\DROPBOX\GALERAS DIGITAL\RELOJ MA 32-2\ELECTRONICA RELOJMA\RELOJMA.ASM 2587 : Crossing page boundary -- ensure page bits are set.
Message[306] D:\DROPBOX\GALERAS DIGITAL\RELOJ MA 32-2\ELECTRONICA RELOJMA\RELOJMA.ASM 2589 : Crossing page boundary -- ensure page bits are set.
Message[306] D:\DROPBOX\GALERAS DIGITAL\RELOJ MA 32-2\ELECTRONICA RELOJMA\RELOJMA.ASM 2595 : Crossing page boundary -- ensure page bits are set.
